// Jest Snapshot v1, https://goo.gl/fbAQLP

exports[`Atom Checkbox Component Correct layout 1`] = `<label><input type="checkbox" class="checkbox"> <span class="fake"></span></label>`;
