// Jest Snapshot v1, https://goo.gl/fbAQLP

exports[`Atom Title Component Correct layout 1`] = `<header><h1 class="title">to do list</h1></header>`;
